<?xml version="1.0" encoding="UTF-8"?>
<catalog xmlns="http://lizardsandpumpkins.com" xmlns:xsi="http://www.w3.org/2001/XMLSchema-instance" xsi:schemaLocation="http://lizardsandpumpkins.com ../../schema/catalog.xsd"><products><product type="configurable" sku="000000000010045095" tax_class="19%"><images><image><main>true</main><file>16646-2020-16646_2020_3.jpg</file><label/></image></images><associated_products><product type="simple" sku="000000010045095003" tax_class="19%"><attributes><stock_qty>47.0000</stock_qty><size locale="es_ES">S</size></attributes></product><product type="simple" sku="000000010045095002" tax_class="19%"><attributes><stock_qty>40.0000</stock_qty><size locale="es_ES">M</size></attributes></product><product type="simple" sku="000000010045095001" tax_class="19%"><attributes><stock_qty>12.0000</stock_qty><size locale="es_ES">L</size></attributes></product><product type="simple" sku="000000010045095004" tax_class="19%"><attributes><stock_qty>24.0000</stock_qty><size locale="es_ES">XS</size></attributes></product></associated_products><variations><attribute>size</attribute></variations><attributes><entity_id website="ru" locale="es_ES">71841</entity_id><entity_type_id website="ru" locale="es_ES">4</entity_type_id><attribute_set_id website="ru" locale="es_ES">18</attribute_set_id><has_options website="ru" locale="es_ES">1</has_options><required_options website="ru" locale="es_ES">1</required_options><created_at website="ru" locale="es_ES">2010-11-22 17:20:53</created_at><updated_at website="ru" locale="es_ES">2015-11-12 03:01:31</updated_at><visibility website="ru" locale="es_ES">Catalog</visibility><visibility website="ru" locale="es_ES">Search</visibility><status website="ru" locale="es_ES">Enabled</status><brand website="ru" locale="es_ES">Falke</brand><product_group website="ru" locale="es_ES">Camisetas de running</product_group><series website="ru" locale="es_ES">RU 4</series><style website="ru" locale="es_ES">Socken</style><top_selling_value website="ru" locale="es_ES">0</top_selling_value><manufacturer website="ru" locale="es_ES"/><is_imported website="ru" locale="es_ES"/><name website="ru" locale="es_ES">RU 4</name><image website="ru" locale="es_ES">/1/6/16646-2020-16646_2020_3.jpg</image><small_image website="ru" locale="es_ES">/1/6/16646-2020-16646_2020_3.jpg</small_image><thumbnail website="ru" locale="es_ES">/1/6/16646-2020-16646_2020_3.jpg</thumbnail><options_container website="ru" locale="es_ES">Block after Info Column</options_container><image_label website="ru" locale="es_ES">RU 4</image_label><small_image_label website="ru" locale="es_ES">RU 4</small_image_label><thumbnail_label website="ru" locale="es_ES">RU 4</thumbnail_label><gift_message_available website="ru" locale="es_ES"/><gender website="ru" locale="es_ES">Damen</gender><yt_link website="ru" locale="es_ES"/><product_360 website="ru" locale="es_ES"/><size_eu website="ru" locale="es_ES"/><google_base_title website="ru" locale="es_ES">Laufsocken RU 4-Falke-Socken</google_base_title><google_product_type website="ru" locale="es_ES">Laufsocken RU 4-Falke-Socken</google_product_type><condition website="ru" locale="es_ES">new</condition><msrp_enabled website="ru" locale="es_ES">Use config</msrp_enabled><msrp_display_actual_price_type website="ru" locale="es_ES">Use config</msrp_display_actual_price_type><is_returnable website="ru" locale="es_ES">Use config</is_returnable><legacy_sku website="ru" locale="es_ES">16644/2020</legacy_sku><new_sku website="ru" locale="es_ES"/><scancode website="ru" locale="es_ES"/><mpn website="ru" locale="es_ES">16644/2020</mpn><material website="ru" locale="es_ES"/><asin website="ru" locale="es_ES">B002YIHI7Y</asin><color website="ru" locale="es_ES">454444</color><url_key website="ru" locale="es_ES">ru-4</url_key><special_price website="ru" locale="es_ES">10.1700</special_price><price website="ru" locale="es_ES">14.9500</price><gift_wrapping_price website="ru" locale="es_ES"/><cost website="ru" locale="es_ES"/><msrp website="ru" locale="es_ES"/><availability_score website="ru" locale="es_ES">0.6150</availability_score><bestselling_score website="ru" locale="es_ES">0.7500</bestselling_score><description website="ru" locale="es_ES"><![CDATA[<p>Falke RU4<br /><br /><span style="font-size: 10pt; font-family: 'Calibri','sans-serif'; line-height: 115%; mso-ascii-theme-font: minor-latin; mso-fareast-font-family: Calibri; mso-fareast-theme-font: minor-latin; mso-hansi-theme-font: minor-latin; mso-bidi-font-family: 'Times New Roman'; mso-bidi-theme-font: minor-bidi; mso-ansi-language: ES; mso-fareast-language: EN-US; mso-bidi-language: AR-SA;" lang="ES">El cl&aacute;sico de los calcetines de running: RU 4. Dise&ntilde;ados espec&iacute;ficamente para corredores ambiciosos y competitivos este calcet&iacute;n es un &eacute;xito cont&iacute;nuo desde hace a&ntilde;os. Proporciona una p&eacute;rdida de energ&iacute;a baja, una distribuci&oacute;n &oacute;ptima de la presi&oacute;n y un contacto perfecto con la zapatilla.</span></p>]]></description><short_description website="ru" locale="es_ES">RU 4</short_description><special_from_date website="ru" locale="es_ES"/><special_to_date website="ru" locale="es_ES"/><news_from_date website="ru" locale="es_ES"/><news_to_date website="ru" locale="es_ES"/><is_salable website="ru" locale="es_ES">1</is_salable><store_id website="ru" locale="es_ES">16</store_id><category_ids website="ru" locale="es_ES">80</category_ids><category_ids website="ru" locale="es_ES">153</category_ids><category website="ru" locale="es_ES">shop.html</category><category website="ru" locale="es_ES">femme/chaussettes-de-course.html</category><is_in_stock website="ru" locale="es_ES">1</is_in_stock><stock_qty website="ru" locale="es_ES">0.0000</stock_qty><backorders website="ru" locale="es_ES">false</backorders></attributes></product>
<product type="configurable" sku="000000000010045095" tax_class="19%"><images><image><main>true</main><file>16646-2020-16646_2020_3.jpg</file><label/></image></images><associated_products><product type="simple" sku="000000010045095003" tax_class="19%"><attributes><stock_qty>47.0000</stock_qty><size locale="fr_FR">S</size></attributes></product><product type="simple" sku="000000010045095002" tax_class="19%"><attributes><stock_qty>40.0000</stock_qty><size locale="fr_FR">M</size></attributes></product><product type="simple" sku="000000010045095001" tax_class="19%"><attributes><stock_qty>12.0000</stock_qty><size locale="fr_FR">L</size></attributes></product><product type="simple" sku="000000010045095004" tax_class="19%"><attributes><stock_qty>24.0000</stock_qty><size locale="fr_FR">XS</size></attributes></product></associated_products><variations><attribute>size</attribute></variations><attributes><entity_id website="fr" locale="fr_FR">71841</entity_id><entity_type_id website="fr" locale="fr_FR">4</entity_type_id><attribute_set_id website="fr" locale="fr_FR">18</attribute_set_id><has_options website="fr" locale="fr_FR">1</has_options><required_options website="fr" locale="fr_FR">1</required_options><created_at website="fr" locale="fr_FR">2010-11-22 17:20:53</created_at><updated_at website="fr" locale="fr_FR">2015-11-12 03:01:31</updated_at><visibility website="fr" locale="fr_FR">Catalog</visibility><visibility website="fr" locale="fr_FR">Search</visibility><status website="fr" locale="fr_FR">Enabled</status><brand website="fr" locale="fr_FR">Falke</brand><product_group website="fr" locale="fr_FR">Chaussettes running</product_group><series website="fr" locale="fr_FR">RU 4</series><style website="fr" locale="fr_FR">Chaussettes</style><top_selling_value website="fr" locale="fr_FR">0</top_selling_value><manufacturer website="fr" locale="fr_FR"/><is_imported website="fr" locale="fr_FR"/><name website="fr" locale="fr_FR">RU 4</name><image website="fr" locale="fr_FR">/1/6/16646-2020-16646_2020_3.jpg</image><small_image website="fr" locale="fr_FR">/1/6/16646-2020-16646_2020_3.jpg</small_image><thumbnail website="fr" locale="fr_FR">/1/6/16646-2020-16646_2020_3.jpg</thumbnail><options_container website="fr" locale="fr_FR">Block after Info Column</options_container><image_label website="fr" locale="fr_FR">RU 4</image_label><small_image_label website="fr" locale="fr_FR">RU 4</small_image_label><thumbnail_label website="fr" locale="fr_FR">RU 4</thumbnail_label><gift_message_available website="fr" locale="fr_FR"/><gender website="fr" locale="fr_FR">Femme</gender><yt_link website="fr" locale="fr_FR"/><product_360 website="fr" locale="fr_FR"/><size_eu website="fr" locale="fr_FR"/><google_base_title website="fr" locale="fr_FR">Laufsocken RU 4-Falke-Socken</google_base_title><google_product_type website="fr" locale="fr_FR">Laufsocken RU 4-Falke-Socken</google_product_type><condition website="fr" locale="fr_FR">new</condition><msrp_enabled website="fr" locale="fr_FR">Use config</msrp_enabled><msrp_display_actual_price_type website="fr" locale="fr_FR">Use config</msrp_display_actual_price_type><is_returnable website="fr" locale="fr_FR">Use config</is_returnable><legacy_sku website="fr" locale="fr_FR">16644/2020</legacy_sku><new_sku website="fr" locale="fr_FR"/><scancode website="fr" locale="fr_FR"/><mpn website="fr" locale="fr_FR">16644/2020</mpn><material website="fr" locale="fr_FR"/><asin website="fr" locale="fr_FR">B002YIHI7Y</asin><color website="fr" locale="fr_FR">454444</color><url_key website="fr" locale="fr_FR">ru-4</url_key><special_price website="fr" locale="fr_FR">10.1700</special_price><price website="fr" locale="fr_FR">14.9500</price><gift_wrapping_price website="fr" locale="fr_FR"/><cost website="fr" locale="fr_FR"/><msrp website="fr" locale="fr_FR"/><availability_score website="fr" locale="fr_FR">0.6150</availability_score><bestselling_score website="fr" locale="fr_FR">0.7500</bestselling_score><description website="fr" locale="fr_FR"><![CDATA[Nous recommandons nos chaussettes de footing RU4 pour les femmes qui aimer
courir et surtout pour celles qui vont régulièrement faire du footing et qui
demandent donc la meilleure fonctionnalité d'amortisseur et de stabilité
dynamique.
]]></description><short_description website="fr" locale="fr_FR">RU 4</short_description><special_from_date website="fr" locale="fr_FR"/><special_to_date website="fr" locale="fr_FR"/><news_from_date website="fr" locale="fr_FR"/><news_to_date website="fr" locale="fr_FR"/><is_salable website="fr" locale="fr_FR">1</is_salable><store_id website="fr" locale="fr_FR">15</store_id><category_ids website="fr" locale="fr_FR">80</category_ids><category_ids website="fr" locale="fr_FR">153</category_ids><category website="fr" locale="fr_FR">shop.html</category><category website="fr" locale="fr_FR">femme/chaussettes-de-course.html</category><is_in_stock website="fr" locale="fr_FR">1</is_in_stock><stock_qty website="fr" locale="fr_FR">0.0000</stock_qty><backorders website="fr" locale="fr_FR">false</backorders></attributes></product>
<product type="configurable" sku="000000000010045095" tax_class="19%"><images><image><main>true</main><file>16646-2020-16646_2020_3.jpg</file><label/></image></images><associated_products><product type="simple" sku="000000010045095003" tax_class="19%"><attributes><stock_qty>47.0000</stock_qty><size locale="fr_FR">S</size></attributes></product><product type="simple" sku="000000010045095002" tax_class="19%"><attributes><stock_qty>40.0000</stock_qty><size locale="fr_FR">M</size></attributes></product><product type="simple" sku="000000010045095001" tax_class="19%"><attributes><stock_qty>12.0000</stock_qty><size locale="fr_FR">L</size></attributes></product><product type="simple" sku="000000010045095004" tax_class="19%"><attributes><stock_qty>24.0000</stock_qty><size locale="fr_FR">XS</size></attributes></product></associated_products><variations><attribute>size</attribute></variations><attributes><entity_id website="ru" locale="fr_FR">71841</entity_id><entity_type_id website="ru" locale="fr_FR">4</entity_type_id><attribute_set_id website="ru" locale="fr_FR">18</attribute_set_id><has_options website="ru" locale="fr_FR">1</has_options><required_options website="ru" locale="fr_FR">1</required_options><created_at website="ru" locale="fr_FR">2010-11-22 17:20:53</created_at><updated_at website="ru" locale="fr_FR">2015-11-12 03:01:31</updated_at><visibility website="ru" locale="fr_FR">Catalog</visibility><visibility website="ru" locale="fr_FR">Search</visibility><status website="ru" locale="fr_FR">Enabled</status><brand website="ru" locale="fr_FR">Falke</brand><product_group website="ru" locale="fr_FR">Chaussettes running</product_group><series website="ru" locale="fr_FR">RU 4</series><style website="ru" locale="fr_FR">Chaussettes</style><top_selling_value website="ru" locale="fr_FR">0</top_selling_value><manufacturer website="ru" locale="fr_FR"/><is_imported website="ru" locale="fr_FR"/><name website="ru" locale="fr_FR">RU 4</name><image website="ru" locale="fr_FR">/1/6/16646-2020-16646_2020_3.jpg</image><small_image website="ru" locale="fr_FR">/1/6/16646-2020-16646_2020_3.jpg</small_image><thumbnail website="ru" locale="fr_FR">/1/6/16646-2020-16646_2020_3.jpg</thumbnail><options_container website="ru" locale="fr_FR">Block after Info Column</options_container><image_label website="ru" locale="fr_FR">RU 4</image_label><small_image_label website="ru" locale="fr_FR">RU 4</small_image_label><thumbnail_label website="ru" locale="fr_FR">RU 4</thumbnail_label><gift_message_available website="ru" locale="fr_FR"/><gender website="ru" locale="fr_FR">Femme</gender><yt_link website="ru" locale="fr_FR"/><product_360 website="ru" locale="fr_FR"/><size_eu website="ru" locale="fr_FR"/><google_base_title website="ru" locale="fr_FR">Laufsocken RU 4-Falke-Socken</google_base_title><google_product_type website="ru" locale="fr_FR">Laufsocken RU 4-Falke-Socken</google_product_type><condition website="ru" locale="fr_FR">new</condition><msrp_enabled website="ru" locale="fr_FR">Use config</msrp_enabled><msrp_display_actual_price_type website="ru" locale="fr_FR">Use config</msrp_display_actual_price_type><is_returnable website="ru" locale="fr_FR">Use config</is_returnable><legacy_sku website="ru" locale="fr_FR">16644/2020</legacy_sku><new_sku website="ru" locale="fr_FR"/><scancode website="ru" locale="fr_FR"/><mpn website="ru" locale="fr_FR">16644/2020</mpn><material website="ru" locale="fr_FR"/><asin website="ru" locale="fr_FR">B002YIHI7Y</asin><color website="ru" locale="fr_FR">454444</color><url_key website="ru" locale="fr_FR">ru-4</url_key><special_price website="ru" locale="fr_FR">10.1700</special_price><price website="ru" locale="fr_FR">14.9500</price><gift_wrapping_price website="ru" locale="fr_FR"/><cost website="ru" locale="fr_FR"/><msrp website="ru" locale="fr_FR"/><availability_score website="ru" locale="fr_FR">0.6150</availability_score><bestselling_score website="ru" locale="fr_FR">0.7500</bestselling_score><description website="ru" locale="fr_FR"><![CDATA[Nous recommandons nos chaussettes de footing RU4 pour les femmes qui aimer
courir et surtout pour celles qui vont régulièrement faire du footing et qui
demandent donc la meilleure fonctionnalité d'amortisseur et de stabilité
dynamique.
]]></description><short_description website="ru" locale="fr_FR">RU 4</short_description><special_from_date website="ru" locale="fr_FR"/><special_to_date website="ru" locale="fr_FR"/><news_from_date website="ru" locale="fr_FR"/><news_to_date website="ru" locale="fr_FR"/><is_salable website="ru" locale="fr_FR">1</is_salable><store_id website="ru" locale="fr_FR">5</store_id><category_ids website="ru" locale="fr_FR">80</category_ids><category_ids website="ru" locale="fr_FR">153</category_ids><category website="ru" locale="fr_FR">shop.html</category><category website="ru" locale="fr_FR">femme/chaussettes-de-course.html</category><is_in_stock website="ru" locale="fr_FR">1</is_in_stock><stock_qty website="ru" locale="fr_FR">0.0000</stock_qty><backorders website="ru" locale="fr_FR">false</backorders></attributes></product>
<product type="configurable" sku="000000000010045095" tax_class="19%"><images><image><main>true</main><file>16646-2020-16646_2020_3.jpg</file><label/></image></images><associated_products><product type="simple" sku="000000010045095003" tax_class="19%"><attributes><stock_qty>47.0000</stock_qty><size locale="en_US">S</size></attributes></product><product type="simple" sku="000000010045095002" tax_class="19%"><attributes><stock_qty>40.0000</stock_qty><size locale="en_US">M</size></attributes></product><product type="simple" sku="000000010045095001" tax_class="19%"><attributes><stock_qty>12.0000</stock_qty><size locale="en_US">L</size></attributes></product><product type="simple" sku="000000010045095004" tax_class="19%"><attributes><stock_qty>24.0000</stock_qty><size locale="en_US">XS</size></attributes></product></associated_products><variations><attribute>size</attribute></variations><attributes><entity_id website="ru" locale="en_US">71841</entity_id><entity_type_id website="ru" locale="en_US">4</entity_type_id><attribute_set_id website="ru" locale="en_US">18</attribute_set_id><has_options website="ru" locale="en_US">1</has_options><required_options website="ru" locale="en_US">1</required_options><created_at website="ru" locale="en_US">2010-11-22 17:20:53</created_at><updated_at website="ru" locale="en_US">2015-11-12 03:01:31</updated_at><visibility website="ru" locale="en_US">Catalog</visibility><visibility website="ru" locale="en_US">Search</visibility><status website="ru" locale="en_US">Enabled</status><brand website="ru" locale="en_US">Falke</brand><product_group website="ru" locale="en_US">Running socks</product_group><series website="ru" locale="en_US">RU 4</series><style website="ru" locale="en_US">Socken</style><top_selling_value website="ru" locale="en_US">0</top_selling_value><manufacturer website="ru" locale="en_US"/><is_imported website="ru" locale="en_US"/><name website="ru" locale="en_US">RU 4</name><image website="ru" locale="en_US">/1/6/16646-2020-16646_2020_3.jpg</image><small_image website="ru" locale="en_US">/1/6/16646-2020-16646_2020_3.jpg</small_image><thumbnail website="ru" locale="en_US">/1/6/16646-2020-16646_2020_3.jpg</thumbnail><options_container website="ru" locale="en_US">Block after Info Column</options_container><image_label website="ru" locale="en_US">RU 4</image_label><small_image_label website="ru" locale="en_US">RU 4</small_image_label><thumbnail_label website="ru" locale="en_US">RU 4</thumbnail_label><gift_message_available website="ru" locale="en_US"/><gender website="ru" locale="en_US">Women</gender><yt_link website="ru" locale="en_US"/><product_360 website="ru" locale="en_US"/><size_eu website="ru" locale="en_US"/><google_base_title website="ru" locale="en_US">Laufsocken RU 4-Falke-Socken</google_base_title><google_product_type website="ru" locale="en_US">Laufsocken RU 4-Falke-Socken</google_product_type><condition website="ru" locale="en_US">new</condition><msrp_enabled website="ru" locale="en_US">Use config</msrp_enabled><msrp_display_actual_price_type website="ru" locale="en_US">Use config</msrp_display_actual_price_type><is_returnable website="ru" locale="en_US">Use config</is_returnable><legacy_sku website="ru" locale="en_US">16644/2020</legacy_sku><new_sku website="ru" locale="en_US"/><scancode website="ru" locale="en_US"/><mpn website="ru" locale="en_US">16644/2020</mpn><material website="ru" locale="en_US"/><asin website="ru" locale="en_US">B002YIHI7Y</asin><color website="ru" locale="en_US">454444</color><url_key website="ru" locale="en_US">ru-4</url_key><special_price website="ru" locale="en_US">10.1700</special_price><price website="ru" locale="en_US">14.9500</price><gift_wrapping_price website="ru" locale="en_US"/><cost website="ru" locale="en_US"/><msrp website="ru" locale="en_US"/><availability_score website="ru" locale="en_US">0.6150</availability_score><bestselling_score website="ru" locale="en_US">0.7500</bestselling_score><description website="ru" locale="en_US">light volume running socks for high performance&#13;</description><short_description website="ru" locale="en_US">RU 4</short_description><special_from_date website="ru" locale="en_US"/><special_to_date website="ru" locale="en_US"/><news_from_date website="ru" locale="en_US"/><news_to_date website="ru" locale="en_US"/><is_salable website="ru" locale="en_US">1</is_salable><store_id website="ru" locale="en_US">4</store_id><category_ids website="ru" locale="en_US">80</category_ids><category_ids website="ru" locale="en_US">153</category_ids><category website="ru" locale="en_US">shop.html</category><category website="ru" locale="en_US">women/running-socks.html</category><is_in_stock website="ru" locale="en_US">1</is_in_stock><stock_qty website="ru" locale="en_US">0.0000</stock_qty><backorders website="ru" locale="en_US">false</backorders></attributes></product>
<product type="configurable" sku="000000000010045095" tax_class="19%"><images><image><main>true</main><file>16646-2020-16646_2020_3.jpg</file><label/></image></images><associated_products><product type="simple" sku="000000010045095003" tax_class="19%"><attributes><stock_qty>47.0000</stock_qty><size locale="de_DE">S</size></attributes></product><product type="simple" sku="000000010045095002" tax_class="19%"><attributes><stock_qty>40.0000</stock_qty><size locale="de_DE">M</size></attributes></product><product type="simple" sku="000000010045095001" tax_class="19%"><attributes><stock_qty>12.0000</stock_qty><size locale="de_DE">L</size></attributes></product><product type="simple" sku="000000010045095004" tax_class="19%"><attributes><stock_qty>24.0000</stock_qty><size locale="de_DE">XS</size></attributes></product></associated_products><variations><attribute>size</attribute></variations><attributes><entity_id website="ru" locale="de_DE">71841</entity_id><entity_type_id website="ru" locale="de_DE">4</entity_type_id><attribute_set_id website="ru" locale="de_DE">18</attribute_set_id><has_options website="ru" locale="de_DE">1</has_options><required_options website="ru" locale="de_DE">1</required_options><created_at website="ru" locale="de_DE">2010-11-22 17:20:53</created_at><updated_at website="ru" locale="de_DE">2015-11-12 03:01:31</updated_at><visibility website="ru" locale="de_DE">Catalog</visibility><visibility website="ru" locale="de_DE">Search</visibility><status website="ru" locale="de_DE">Enabled</status><brand website="ru" locale="de_DE">Falke</brand><product_group website="ru" locale="de_DE">Laufsocken</product_group><series website="ru" locale="de_DE">RU 4</series><style website="ru" locale="de_DE">Socken</style><top_selling_value website="ru" locale="de_DE">0</top_selling_value><manufacturer website="ru" locale="de_DE"/><is_imported website="ru" locale="de_DE"/><name website="ru" locale="de_DE">RU 4</name><image website="ru" locale="de_DE">/1/6/16646-2020-16646_2020_3.jpg</image><small_image website="ru" locale="de_DE">/1/6/16646-2020-16646_2020_3.jpg</small_image><thumbnail website="ru" locale="de_DE">/1/6/16646-2020-16646_2020_3.jpg</thumbnail><options_container website="ru" locale="de_DE">Block after Info Column</options_container><image_label website="ru" locale="de_DE">RU 4</image_label><small_image_label website="ru" locale="de_DE">RU 4</small_image_label><thumbnail_label website="ru" locale="de_DE">RU 4</thumbnail_label><gift_message_available website="ru" locale="de_DE"/><gender website="ru" locale="de_DE">Damen</gender><yt_link website="ru" locale="de_DE"/><product_360 website="ru" locale="de_DE"/><size_eu website="ru" locale="de_DE"/><google_base_title website="ru" locale="de_DE">Laufsocken RU 4-Falke-Socken</google_base_title><google_product_type website="ru" locale="de_DE">Laufsocken RU 4-Falke-Socken</google_product_type><condition website="ru" locale="de_DE">new</condition><msrp_enabled website="ru" locale="de_DE">Use config</msrp_enabled><msrp_display_actual_price_type website="ru" locale="de_DE">Use config</msrp_display_actual_price_type><is_returnable website="ru" locale="de_DE">Use config</is_returnable><legacy_sku website="ru" locale="de_DE">16644/2020</legacy_sku><new_sku website="ru" locale="de_DE"/><scancode website="ru" locale="de_DE"/><mpn website="ru" locale="de_DE">16644/2020</mpn><material website="ru" locale="de_DE"/><asin website="ru" locale="de_DE">B002YIHI7Y</asin><color website="ru" locale="de_DE">454444</color><url_key website="ru" locale="de_DE">ru-4</url_key><special_price website="ru" locale="de_DE">10.1700</special_price><price website="ru" locale="de_DE">14.9500</price><gift_wrapping_price website="ru" locale="de_DE"/><cost website="ru" locale="de_DE"/><msrp website="ru" locale="de_DE"/><availability_score website="ru" locale="de_DE">0.6150</availability_score><bestselling_score website="ru" locale="de_DE">0.7500</bestselling_score><description website="ru" locale="de_DE"><![CDATA[Schuhe für Läufer mit hohem Anspruch an Dämpfung und dynamischer Stabilität.
Wir empfehlen die leicht gepolsterten RU4-Socken. Der Klassiker unter den
Laufsocken: RU 4. Running Socks mit Vorsprung. Speziell für ambitionierte und
wettkampforientierte Läufer entwickelt läuft diese Socke schon seit Jahren als
Dauerbrenner. Er sorgt für einen geringen Energieverlust, eine optimale
Druckverteilung und einen perfekten Kontakt zum Runningschuh. In Kooperation
mit der Deutschen Sporthochschule Köln konnte der Nachweis für perfekte,
entlastende Druckverteilung erbracht werden. Diese Erkenntnisse wurden auf alle
Ergonomic Sport Socks übertragen.<br />
<br />
Material: 44% Baumwolle, 42% Polypropylen und 14% Polyamid
]]></description><short_description website="ru" locale="de_DE">RU 4</short_description><special_from_date website="ru" locale="de_DE"/><special_to_date website="ru" locale="de_DE"/><news_from_date website="ru" locale="de_DE"/><news_to_date website="ru" locale="de_DE"/><is_salable website="ru" locale="de_DE">1</is_salable><store_id website="ru" locale="de_DE">3</store_id><category_ids website="ru" locale="de_DE">80</category_ids><category_ids website="ru" locale="de_DE">153</category_ids><category website="ru" locale="de_DE">shop.html</category><category website="ru" locale="de_DE">damen/laufsocken.html</category><is_in_stock website="ru" locale="de_DE">1</is_in_stock><stock_qty website="ru" locale="de_DE">0.0000</stock_qty><backorders website="ru" locale="de_DE">false</backorders></attributes></product>
</products></catalog>