<?xml version="1.0" encoding="UTF-8"?>
<catalog xmlns="http://lizardsandpumpkins.com" xmlns:xsi="http://www.w3.org/2001/XMLSchema-instance" xsi:schemaLocation="http://lizardsandpumpkins.com ../../schema/catalog.xsd"><products><product type="simple" sku="000000000010056705" tax_class="19%"><images><image><main>true</main><file>ua1705g-0001_2.jpg</file><label/></image></images><attributes><entity_id website="ru" locale="es_ES">88576</entity_id><entity_type_id website="ru" locale="es_ES">4</entity_type_id><attribute_set_id website="ru" locale="es_ES">18</attribute_set_id><has_options website="ru" locale="es_ES">0</has_options><required_options website="ru" locale="es_ES">0</required_options><created_at website="ru" locale="es_ES">2011-05-09 16:17:25</created_at><updated_at website="ru" locale="es_ES">2015-11-12 03:01:41</updated_at><visibility website="ru" locale="es_ES">Catalog</visibility><visibility website="ru" locale="es_ES">Search</visibility><status website="ru" locale="es_ES">Enabled</status><brand website="ru" locale="es_ES">2XU</brand><product_group website="ru" locale="es_ES">Triatlón</product_group><style website="ru" locale="es_ES">Zubehör</style><top_selling_value website="ru" locale="es_ES">0</top_selling_value><series website="ru" locale="es_ES">Transition</series><name website="ru" locale="es_ES">Transition Bag</name><google_base_title website="ru" locale="es_ES">Triathlon Transition Bag-2XU-Zubehör</google_base_title><google_product_type website="ru" locale="es_ES">Triathlon Transition Bag-2XU-Zubehör</google_product_type><gender website="ru" locale="es_ES">Mujer</gender><gender website="ru" locale="es_ES">Hombre</gender><size_eu website="ru" locale="es_ES"/><options_container website="ru" locale="es_ES">Block after Info Column</options_container><condition website="ru" locale="es_ES">new</condition><image_label website="ru" locale="es_ES">Transition Bag</image_label><small_image_label website="ru" locale="es_ES">Transition Bag</small_image_label><thumbnail_label website="ru" locale="es_ES">Transition Bag</thumbnail_label><image website="ru" locale="es_ES">/u/a/ua1705g-0001_2.jpg</image><small_image website="ru" locale="es_ES">/u/a/ua1705g-0001_2.jpg</small_image><thumbnail website="ru" locale="es_ES">/u/a/ua1705g-0001_2.jpg</thumbnail><msrp_enabled website="ru" locale="es_ES">Use config</msrp_enabled><msrp_display_actual_price_type website="ru" locale="es_ES">Use config</msrp_display_actual_price_type><is_returnable website="ru" locale="es_ES">Use config</is_returnable><legacy_sku website="ru" locale="es_ES">UA1705G-0001</legacy_sku><asin website="ru" locale="es_ES">B003IXTFPC</asin><scancode website="ru" locale="es_ES">9336340071723</scancode><mpn website="ru" locale="es_ES">UA1705G-0001</mpn><color website="ru" locale="es_ES">454444</color><url_key website="ru" locale="es_ES">transition-bag</url_key><weight website="ru" locale="es_ES">1.0000</weight><special_price website="ru" locale="es_ES">71.9200</special_price><price website="ru" locale="es_ES">89.9000</price><availability_score website="ru" locale="es_ES">0.0000</availability_score><bestselling_score website="ru" locale="es_ES">0.0000</bestselling_score><description website="ru" locale="es_ES"><![CDATA[<div>
<p>Große Tasche für den Wettkampf: Hier passt wirklich alles hinein - nach dem
Rennen kann die Wettkampfbekleidung in separaten Fächern untergebracht
werden.</p>
<p>Vorteile/Zonenbeschreibung:</p>
<p>- gut belüftete und stark gepolsterte Tragegurte<br />
- verstellbare Hüftfixierung<br />
- stabile Rückenkonstruktion – sehr gut belüftet durch unterteilte Zonen<br />
- Fronttasche für Wertgegenstände und Mobiltelefon<br />
- seitliche Mesh-Taschen für Sportflaschen und schnell zu erreichende
Gegenstände</p>
<p>Materialzusammensetzung:  100% Nylon</p></div>
]]></description><short_description website="ru" locale="es_ES">Transition Bag</short_description><is_salable website="ru" locale="es_ES"/><store_id website="ru" locale="es_ES">16</store_id><category_ids website="ru" locale="es_ES">80</category_ids><category_ids website="ru" locale="es_ES">134</category_ids><category_ids website="ru" locale="es_ES">165</category_ids><category website="ru" locale="es_ES">shop.html</category><category website="ru" locale="es_ES">homme/triathlon.html</category><category website="ru" locale="es_ES">femme/triathlon.html</category><is_in_stock website="ru" locale="es_ES">0</is_in_stock><stock_qty website="ru" locale="es_ES">0.0000</stock_qty><backorders website="ru" locale="es_ES">false</backorders></attributes></product>
<product type="simple" sku="000000000010056705" tax_class="19%"><images><image><main>true</main><file>ua1705g-0001_2.jpg</file><label/></image></images><attributes><entity_id website="fr" locale="fr_FR">88576</entity_id><entity_type_id website="fr" locale="fr_FR">4</entity_type_id><attribute_set_id website="fr" locale="fr_FR">18</attribute_set_id><has_options website="fr" locale="fr_FR">0</has_options><required_options website="fr" locale="fr_FR">0</required_options><created_at website="fr" locale="fr_FR">2011-05-09 16:17:25</created_at><updated_at website="fr" locale="fr_FR">2015-11-12 03:01:41</updated_at><visibility website="fr" locale="fr_FR">Catalog</visibility><visibility website="fr" locale="fr_FR">Search</visibility><status website="fr" locale="fr_FR">Enabled</status><brand website="fr" locale="fr_FR">2XU</brand><product_group website="fr" locale="fr_FR">Triathlon</product_group><style website="fr" locale="fr_FR">Accessoires</style><top_selling_value website="fr" locale="fr_FR">0</top_selling_value><series website="fr" locale="fr_FR">Transition</series><name website="fr" locale="fr_FR">Transition Bag</name><google_base_title website="fr" locale="fr_FR">Triathlon Transition Bag-2XU-Zubehör</google_base_title><google_product_type website="fr" locale="fr_FR">Triathlon Transition Bag-2XU-Zubehör</google_product_type><gender website="fr" locale="fr_FR">Femme</gender><gender website="fr" locale="fr_FR">Homme</gender><size_eu website="fr" locale="fr_FR"/><options_container website="fr" locale="fr_FR">Block after Info Column</options_container><condition website="fr" locale="fr_FR">new</condition><image_label website="fr" locale="fr_FR">Transition Bag</image_label><small_image_label website="fr" locale="fr_FR">Transition Bag</small_image_label><thumbnail_label website="fr" locale="fr_FR">Transition Bag</thumbnail_label><image website="fr" locale="fr_FR">/u/a/ua1705g-0001_2.jpg</image><small_image website="fr" locale="fr_FR">/u/a/ua1705g-0001_2.jpg</small_image><thumbnail website="fr" locale="fr_FR">/u/a/ua1705g-0001_2.jpg</thumbnail><msrp_enabled website="fr" locale="fr_FR">Use config</msrp_enabled><msrp_display_actual_price_type website="fr" locale="fr_FR">Use config</msrp_display_actual_price_type><is_returnable website="fr" locale="fr_FR">Use config</is_returnable><legacy_sku website="fr" locale="fr_FR">UA1705G-0001</legacy_sku><asin website="fr" locale="fr_FR">B003IXTFPC</asin><scancode website="fr" locale="fr_FR">9336340071723</scancode><mpn website="fr" locale="fr_FR">UA1705G-0001</mpn><color website="fr" locale="fr_FR">454444</color><url_key website="fr" locale="fr_FR">transition-bag</url_key><weight website="fr" locale="fr_FR">1.0000</weight><special_price website="fr" locale="fr_FR">71.9200</special_price><price website="fr" locale="fr_FR">89.9000</price><availability_score website="fr" locale="fr_FR">0.0000</availability_score><bestselling_score website="fr" locale="fr_FR">0.0000</bestselling_score><description website="fr" locale="fr_FR"><![CDATA[<div>
<p>Große Tasche für den Wettkampf: Hier passt wirklich alles hinein - nach dem
Rennen kann die Wettkampfbekleidung in separaten Fächern untergebracht
werden.</p>
<p>Vorteile/Zonenbeschreibung:</p>
<p>- gut belüftete und stark gepolsterte Tragegurte<br />
- verstellbare Hüftfixierung<br />
- stabile Rückenkonstruktion – sehr gut belüftet durch unterteilte Zonen<br />
- Fronttasche für Wertgegenstände und Mobiltelefon<br />
- seitliche Mesh-Taschen für Sportflaschen und schnell zu erreichende
Gegenstände</p>
<p>Materialzusammensetzung:  100% Nylon</p></div>
]]></description><short_description website="fr" locale="fr_FR">Transition Bag</short_description><is_salable website="fr" locale="fr_FR"/><store_id website="fr" locale="fr_FR">15</store_id><category_ids website="fr" locale="fr_FR">80</category_ids><category_ids website="fr" locale="fr_FR">134</category_ids><category_ids website="fr" locale="fr_FR">165</category_ids><category website="fr" locale="fr_FR">shop.html</category><category website="fr" locale="fr_FR">homme/triathlon.html</category><category website="fr" locale="fr_FR">femme/triathlon.html</category><is_in_stock website="fr" locale="fr_FR">0</is_in_stock><stock_qty website="fr" locale="fr_FR">0.0000</stock_qty><backorders website="fr" locale="fr_FR">false</backorders></attributes></product>
<product type="simple" sku="000000000010056705" tax_class="19%"><images><image><main>true</main><file>ua1705g-0001_2.jpg</file><label/></image></images><attributes><entity_id website="ru" locale="fr_FR">88576</entity_id><entity_type_id website="ru" locale="fr_FR">4</entity_type_id><attribute_set_id website="ru" locale="fr_FR">18</attribute_set_id><has_options website="ru" locale="fr_FR">0</has_options><required_options website="ru" locale="fr_FR">0</required_options><created_at website="ru" locale="fr_FR">2011-05-09 16:17:25</created_at><updated_at website="ru" locale="fr_FR">2015-11-12 03:01:41</updated_at><visibility website="ru" locale="fr_FR">Catalog</visibility><visibility website="ru" locale="fr_FR">Search</visibility><status website="ru" locale="fr_FR">Enabled</status><brand website="ru" locale="fr_FR">2XU</brand><product_group website="ru" locale="fr_FR">Triathlon</product_group><style website="ru" locale="fr_FR">Accessoires</style><top_selling_value website="ru" locale="fr_FR">0</top_selling_value><series website="ru" locale="fr_FR">Transition</series><name website="ru" locale="fr_FR">Transition Bag</name><google_base_title website="ru" locale="fr_FR">Triathlon Transition Bag-2XU-Zubehör</google_base_title><google_product_type website="ru" locale="fr_FR">Triathlon Transition Bag-2XU-Zubehör</google_product_type><gender website="ru" locale="fr_FR">Femme</gender><gender website="ru" locale="fr_FR">Homme</gender><size_eu website="ru" locale="fr_FR"/><options_container website="ru" locale="fr_FR">Block after Info Column</options_container><condition website="ru" locale="fr_FR">new</condition><image_label website="ru" locale="fr_FR">Transition Bag</image_label><small_image_label website="ru" locale="fr_FR">Transition Bag</small_image_label><thumbnail_label website="ru" locale="fr_FR">Transition Bag</thumbnail_label><image website="ru" locale="fr_FR">/u/a/ua1705g-0001_2.jpg</image><small_image website="ru" locale="fr_FR">/u/a/ua1705g-0001_2.jpg</small_image><thumbnail website="ru" locale="fr_FR">/u/a/ua1705g-0001_2.jpg</thumbnail><msrp_enabled website="ru" locale="fr_FR">Use config</msrp_enabled><msrp_display_actual_price_type website="ru" locale="fr_FR">Use config</msrp_display_actual_price_type><is_returnable website="ru" locale="fr_FR">Use config</is_returnable><legacy_sku website="ru" locale="fr_FR">UA1705G-0001</legacy_sku><asin website="ru" locale="fr_FR">B003IXTFPC</asin><scancode website="ru" locale="fr_FR">9336340071723</scancode><mpn website="ru" locale="fr_FR">UA1705G-0001</mpn><color website="ru" locale="fr_FR">454444</color><url_key website="ru" locale="fr_FR">transition-bag</url_key><weight website="ru" locale="fr_FR">1.0000</weight><special_price website="ru" locale="fr_FR">71.9200</special_price><price website="ru" locale="fr_FR">89.9000</price><availability_score website="ru" locale="fr_FR">0.0000</availability_score><bestselling_score website="ru" locale="fr_FR">0.0000</bestselling_score><description website="ru" locale="fr_FR"><![CDATA[<div>
<p>Große Tasche für den Wettkampf: Hier passt wirklich alles hinein - nach dem
Rennen kann die Wettkampfbekleidung in separaten Fächern untergebracht
werden.</p>
<p>Vorteile/Zonenbeschreibung:</p>
<p>- gut belüftete und stark gepolsterte Tragegurte<br />
- verstellbare Hüftfixierung<br />
- stabile Rückenkonstruktion – sehr gut belüftet durch unterteilte Zonen<br />
- Fronttasche für Wertgegenstände und Mobiltelefon<br />
- seitliche Mesh-Taschen für Sportflaschen und schnell zu erreichende
Gegenstände</p>
<p>Materialzusammensetzung:  100% Nylon</p></div>
]]></description><short_description website="ru" locale="fr_FR">Transition Bag</short_description><is_salable website="ru" locale="fr_FR"/><store_id website="ru" locale="fr_FR">5</store_id><category_ids website="ru" locale="fr_FR">80</category_ids><category_ids website="ru" locale="fr_FR">134</category_ids><category_ids website="ru" locale="fr_FR">165</category_ids><category website="ru" locale="fr_FR">shop.html</category><category website="ru" locale="fr_FR">homme/triathlon.html</category><category website="ru" locale="fr_FR">femme/triathlon.html</category><is_in_stock website="ru" locale="fr_FR">0</is_in_stock><stock_qty website="ru" locale="fr_FR">0.0000</stock_qty><backorders website="ru" locale="fr_FR">false</backorders></attributes></product>
<product type="simple" sku="000000000010056705" tax_class="19%"><images><image><main>true</main><file>ua1705g-0001_2.jpg</file><label/></image></images><attributes><entity_id website="ru" locale="en_US">88576</entity_id><entity_type_id website="ru" locale="en_US">4</entity_type_id><attribute_set_id website="ru" locale="en_US">18</attribute_set_id><has_options website="ru" locale="en_US">0</has_options><required_options website="ru" locale="en_US">0</required_options><created_at website="ru" locale="en_US">2011-05-09 16:17:25</created_at><updated_at website="ru" locale="en_US">2015-11-12 03:01:41</updated_at><visibility website="ru" locale="en_US">Catalog</visibility><visibility website="ru" locale="en_US">Search</visibility><status website="ru" locale="en_US">Enabled</status><brand website="ru" locale="en_US">2XU</brand><product_group website="ru" locale="en_US">Triathlon</product_group><style website="ru" locale="en_US">Zubehör</style><top_selling_value website="ru" locale="en_US">0</top_selling_value><series website="ru" locale="en_US">Transition</series><name website="ru" locale="en_US">Transition Bag</name><google_base_title website="ru" locale="en_US">Triathlon Transition Bag-2XU-Zubehör</google_base_title><google_product_type website="ru" locale="en_US">Triathlon Transition Bag-2XU-Zubehör</google_product_type><gender website="ru" locale="en_US">Women</gender><gender website="ru" locale="en_US">Men</gender><size_eu website="ru" locale="en_US"/><options_container website="ru" locale="en_US">Block after Info Column</options_container><condition website="ru" locale="en_US">new</condition><image_label website="ru" locale="en_US">Transition Bag</image_label><small_image_label website="ru" locale="en_US">Transition Bag</small_image_label><thumbnail_label website="ru" locale="en_US">Transition Bag</thumbnail_label><image website="ru" locale="en_US">/u/a/ua1705g-0001_2.jpg</image><small_image website="ru" locale="en_US">/u/a/ua1705g-0001_2.jpg</small_image><thumbnail website="ru" locale="en_US">/u/a/ua1705g-0001_2.jpg</thumbnail><msrp_enabled website="ru" locale="en_US">Use config</msrp_enabled><msrp_display_actual_price_type website="ru" locale="en_US">Use config</msrp_display_actual_price_type><is_returnable website="ru" locale="en_US">Use config</is_returnable><legacy_sku website="ru" locale="en_US">UA1705G-0001</legacy_sku><asin website="ru" locale="en_US">B003IXTFPC</asin><scancode website="ru" locale="en_US">9336340071723</scancode><mpn website="ru" locale="en_US">UA1705G-0001</mpn><color website="ru" locale="en_US">454444</color><url_key website="ru" locale="en_US">transition-bag</url_key><weight website="ru" locale="en_US">1.0000</weight><special_price website="ru" locale="en_US">71.9200</special_price><price website="ru" locale="en_US">89.9000</price><availability_score website="ru" locale="en_US">0.0000</availability_score><bestselling_score website="ru" locale="en_US">0.0000</bestselling_score><description website="ru" locale="en_US"><![CDATA[<div>
<p>Große Tasche für den Wettkampf: Hier passt wirklich alles hinein - nach dem
Rennen kann die Wettkampfbekleidung in separaten Fächern untergebracht
werden.</p>
<p>Vorteile/Zonenbeschreibung:</p>
<p>- gut belüftete und stark gepolsterte Tragegurte<br />
- verstellbare Hüftfixierung<br />
- stabile Rückenkonstruktion – sehr gut belüftet durch unterteilte Zonen<br />
- Fronttasche für Wertgegenstände und Mobiltelefon<br />
- seitliche Mesh-Taschen für Sportflaschen und schnell zu erreichende
Gegenstände</p>
<p>Materialzusammensetzung:  100% Nylon</p></div>
]]></description><short_description website="ru" locale="en_US">Transition Bag</short_description><is_salable website="ru" locale="en_US"/><store_id website="ru" locale="en_US">4</store_id><category_ids website="ru" locale="en_US">80</category_ids><category_ids website="ru" locale="en_US">134</category_ids><category_ids website="ru" locale="en_US">165</category_ids><category website="ru" locale="en_US">shop.html</category><category website="ru" locale="en_US">men/triathlon.html</category><category website="ru" locale="en_US">women/triathlon.html</category><is_in_stock website="ru" locale="en_US">0</is_in_stock><stock_qty website="ru" locale="en_US">0.0000</stock_qty><backorders website="ru" locale="en_US">false</backorders></attributes></product>
<product type="simple" sku="000000000010056705" tax_class="19%"><images><image><main>true</main><file>ua1705g-0001_2.jpg</file><label/></image></images><attributes><entity_id website="ru" locale="de_DE">88576</entity_id><entity_type_id website="ru" locale="de_DE">4</entity_type_id><attribute_set_id website="ru" locale="de_DE">18</attribute_set_id><has_options website="ru" locale="de_DE">0</has_options><required_options website="ru" locale="de_DE">0</required_options><created_at website="ru" locale="de_DE">2011-05-09 16:17:25</created_at><updated_at website="ru" locale="de_DE">2015-11-12 03:01:41</updated_at><visibility website="ru" locale="de_DE">Catalog</visibility><visibility website="ru" locale="de_DE">Search</visibility><status website="ru" locale="de_DE">Enabled</status><brand website="ru" locale="de_DE">2XU</brand><product_group website="ru" locale="de_DE">Triathlon</product_group><style website="ru" locale="de_DE">Zubehör</style><top_selling_value website="ru" locale="de_DE">0</top_selling_value><series website="ru" locale="de_DE">Transition</series><name website="ru" locale="de_DE">Transition Bag</name><google_base_title website="ru" locale="de_DE">Triathlon Transition Bag-2XU-Zubehör</google_base_title><google_product_type website="ru" locale="de_DE">Triathlon Transition Bag-2XU-Zubehör</google_product_type><gender website="ru" locale="de_DE">Damen</gender><gender website="ru" locale="de_DE">Herren</gender><size_eu website="ru" locale="de_DE"/><options_container website="ru" locale="de_DE">Block after Info Column</options_container><condition website="ru" locale="de_DE">new</condition><image_label website="ru" locale="de_DE">Transition Bag</image_label><small_image_label website="ru" locale="de_DE">Transition Bag</small_image_label><thumbnail_label website="ru" locale="de_DE">Transition Bag</thumbnail_label><image website="ru" locale="de_DE">/u/a/ua1705g-0001_2.jpg</image><small_image website="ru" locale="de_DE">/u/a/ua1705g-0001_2.jpg</small_image><thumbnail website="ru" locale="de_DE">/u/a/ua1705g-0001_2.jpg</thumbnail><msrp_enabled website="ru" locale="de_DE">Use config</msrp_enabled><msrp_display_actual_price_type website="ru" locale="de_DE">Use config</msrp_display_actual_price_type><is_returnable website="ru" locale="de_DE">Use config</is_returnable><legacy_sku website="ru" locale="de_DE">UA1705G-0001</legacy_sku><asin website="ru" locale="de_DE">B003IXTFPC</asin><scancode website="ru" locale="de_DE">9336340071723</scancode><mpn website="ru" locale="de_DE">UA1705G-0001</mpn><color website="ru" locale="de_DE">454444</color><url_key website="ru" locale="de_DE">transition-bag</url_key><weight website="ru" locale="de_DE">1.0000</weight><special_price website="ru" locale="de_DE">71.9200</special_price><price website="ru" locale="de_DE">89.9000</price><availability_score website="ru" locale="de_DE">0.0000</availability_score><bestselling_score website="ru" locale="de_DE">0.0000</bestselling_score><description website="ru" locale="de_DE"><![CDATA[<div>
<p>Große Tasche für den Wettkampf: Hier passt wirklich alles hinein - nach dem
Rennen kann die Wettkampfbekleidung in separaten Fächern untergebracht
werden.</p>
<p>Vorteile/Zonenbeschreibung:</p>
<p>- gut belüftete und stark gepolsterte Tragegurte<br />
- verstellbare Hüftfixierung<br />
- stabile Rückenkonstruktion – sehr gut belüftet durch unterteilte Zonen<br />
- Fronttasche für Wertgegenstände und Mobiltelefon<br />
- seitliche Mesh-Taschen für Sportflaschen und schnell zu erreichende
Gegenstände</p>
<p>Materialzusammensetzung:  100% Nylon</p></div>
]]></description><short_description website="ru" locale="de_DE">Transition Bag</short_description><is_salable website="ru" locale="de_DE"/><store_id website="ru" locale="de_DE">3</store_id><category_ids website="ru" locale="de_DE">80</category_ids><category_ids website="ru" locale="de_DE">134</category_ids><category_ids website="ru" locale="de_DE">165</category_ids><category website="ru" locale="de_DE">shop.html</category><category website="ru" locale="de_DE">herren/triathlon.html</category><category website="ru" locale="de_DE">damen/triathlon.html</category><is_in_stock website="ru" locale="de_DE">0</is_in_stock><stock_qty website="ru" locale="de_DE">0.0000</stock_qty><backorders website="ru" locale="de_DE">false</backorders></attributes></product>
</products></catalog>